Copyright 1986-2020 Xilinx, Inc. All Rights Reserved.
-------------------------------------------------------------------------------------------------------------------------------------------------------------------------
| Tool Version     : Vivado v.2020.1 (lin64) Build 2902540 Wed May 27 19:54:35 MDT 2020
| Date             : Thu May 28 08:07:50 2020
| Host             : xcosswbld06 running 64-bit Red Hat Enterprise Linux Workstation release 7.4 (Maipo)
| Command          : report_power -file project_1_wrapper_power_routed.rpt -pb project_1_wrapper_power_summary_routed.pb -rpx project_1_wrapper_power_routed.rpx
| Design           : project_1_wrapper
| Device           : xczu28dr-ffvg1517-2-e
| Design State     : routed
| Grade            : extended
| Process          : typical
| Characterization : Production
-------------------------------------------------------------------------------------------------------------------------------------------------------------------------

Power Report

Table of Contents
-----------------
1. Summary
1.1 On-Chip Components
1.2 Power Supply Summary
1.3 Confidence Level
2. Settings
2.1 Environment
2.2 Clock Constraints
3. Detailed Reports
3.1 By Hierarchy

1. Summary
----------

+--------------------------+--------------+
| Total On-Chip Power (W)  | 7.127        |
| Design Power Budget (W)  | Unspecified* |
| Power Budget Margin (W)  | NA           |
| Dynamic (W)              | 5.896        |
| Device Static (W)        | 1.231        |
| Effective TJA (C/W)      | 0.8          |
| Max Ambient (C)          | 94.0         |
| Junction Temperature (C) | 31.0         |
| Confidence Level         | Medium       |
| Setting File             | ---          |
| Simulation Activity File | ---          |
| Design Nets Matched      | NA           |
+--------------------------+--------------+
* Specify Design Power Budget using, set_operating_conditions -design_power_budget <value in Watts>


1.1 On-Chip Components
----------------------

+--------------------------+-----------+----------+-----------+-----------------+
| On-Chip                  | Power (W) | Used     | Available | Utilization (%) |
+--------------------------+-----------+----------+-----------+-----------------+
| Clocks                   |     0.228 |       36 |       --- |             --- |
| CLB Logic                |     0.125 |    73992 |       --- |             --- |
|   LUT as Logic           |     0.099 |    24077 |    425280 |            5.66 |
|   Register               |     0.014 |    39287 |    850560 |            4.62 |
|   CARRY8                 |     0.005 |      738 |     53160 |            1.39 |
|   LUT as Shift Register  |     0.003 |      587 |    213600 |            0.27 |
|   LUT as Distributed RAM |     0.003 |      400 |    213600 |            0.19 |
|   BUFG                   |    <0.001 |        3 |        64 |            4.69 |
|   Others                 |     0.000 |     1267 |       --- |             --- |
|   F7/F8 Muxes            |     0.000 |     1116 |    425280 |            0.26 |
| Signals                  |     0.249 |    61484 |       --- |             --- |
| Block RAM                |     0.442 |    253.5 |      1080 |           23.47 |
| RFAMS                    |     0.664 |        6 |       --- |             --- |
|   RFADC                  |     0.378 |        4 |         4 |          100.00 |
|   RFDAC                  |     0.286 |        2 |         4 |           50.00 |
| MMCM                     |     0.114 |        0 |       --- |             --- |
| DSPs                     |     0.043 |      102 |      4272 |            2.39 |
| I/O                      |     0.022 |       15 |       347 |            4.32 |
| PS8                      |     2.320 |        1 |       --- |             --- |
| FE                       |     1.689 |        2 |         8 |           25.00 |
| Static Power             |     1.231 |          |           |                 |
|   PS Static              |     0.100 |          |           |                 |
|   PL Static              |     1.131 |          |           |                 |
| Total                    |     7.127 |          |           |                 |
+--------------------------+-----------+----------+-----------+-----------------+


1.2 Power Supply Summary
------------------------

+-----------------+-------------+-----------+-------------+------------+-------------+-------------+------------+
| Source          | Voltage (V) | Total (A) | Dynamic (A) | Static (A) | Powerup (A) | Budget (A)  | Margin (A) |
+-----------------+-------------+-----------+-------------+------------+-------------+-------------+------------+
| Vccint          |       0.850 |     1.611 |       1.270 |      0.341 |       NA    | Unspecified | NA         |
| Vccint_io       |       0.850 |     0.072 |       0.001 |      0.072 |       NA    | Unspecified | NA         |
| Vccbram         |       0.850 |     0.036 |       0.031 |      0.005 |       NA    | Unspecified | NA         |
| Vccaux          |       1.800 |     0.340 |       0.063 |      0.277 |       NA    | Unspecified | NA         |
| Vccaux_io       |       1.800 |     0.062 |       0.004 |      0.058 |       NA    | Unspecified | NA         |
| Vcco33          |       3.300 |     0.000 |       0.000 |      0.000 |       NA    | Unspecified | NA         |
| Vcco25          |       2.500 |     0.000 |       0.000 |      0.000 |       NA    | Unspecified | NA         |
| Vcco18          |       1.800 |     0.008 |       0.008 |      0.000 |       NA    | Unspecified | NA         |
| Vcco15          |       1.500 |     0.000 |       0.000 |      0.000 |       NA    | Unspecified | NA         |
| Vcco135         |       1.350 |     0.000 |       0.000 |      0.000 |       NA    | Unspecified | NA         |
| Vcco12          |       1.200 |     0.000 |       0.000 |      0.000 |       NA    | Unspecified | NA         |
| Vcco10          |       1.000 |     0.000 |       0.000 |      0.000 |       NA    | Unspecified | NA         |
| Vccadc          |       1.800 |     0.008 |       0.000 |      0.008 |       NA    | Unspecified | NA         |
| VCC_PSINTFP     |       0.850 |     0.630 |       0.594 |      0.036 |       NA    | Unspecified | NA         |
| VCC_PSINTLP     |       0.850 |     0.279 |       0.272 |      0.008 |       NA    | Unspecified | NA         |
| VPS_MGTRAVCC    |       0.850 |     0.139 |       0.138 |      0.001 |       NA    | Unspecified | NA         |
| VCC_PSINTFP_DDR |       0.850 |     0.730 |       0.726 |      0.005 |       NA    | Unspecified | NA         |
| VCC_PSPLL       |       1.200 |     0.068 |       0.066 |      0.002 |       NA    | Unspecified | NA         |
| VPS_MGTRAVTT    |       1.800 |     0.034 |       0.033 |      0.001 |       NA    | Unspecified | NA         |
| VCCO_PSDDR_504  |       1.200 |     0.626 |       0.592 |      0.034 |       NA    | Unspecified | NA         |
| VCC_PSAUX       |       1.800 |     0.002 |       0.000 |      0.002 |       NA    | Unspecified | NA         |
| VCC_PSBATT      |       1.200 |     0.000 |       0.000 |      0.000 |       NA    | Unspecified | NA         |
| VCC_PSDDR_PLL   |       1.800 |     0.001 |       0.000 |      0.001 |       NA    | Unspecified | NA         |
| VCCO_PSIO0_500  |       1.800 |     0.001 |       0.000 |      0.001 |       NA    | Unspecified | NA         |
| VCCO_PSIO1_501  |       1.800 |     0.001 |       0.000 |      0.001 |       NA    | Unspecified | NA         |
| VCCO_PSIO2_502  |       1.800 |     0.001 |       0.000 |      0.001 |       NA    | Unspecified | NA         |
| VCCO_PSIO3_503  |       3.300 |     0.001 |       0.000 |      0.001 |       NA    | Unspecified | NA         |
| VCC_PSADC       |       1.800 |     0.002 |       0.000 |      0.002 |       NA    | Unspecified | NA         |
| VCCINT_AMS      |       0.850 |     0.011 |       0.000 |      0.011 |       NA    | Unspecified | NA         |
| DACAVCC         |       0.925 |     0.160 |       0.152 |      0.008 |       NA    | Unspecified | NA         |
| DACAVCCAUX      |       1.800 |     0.047 |       0.046 |      0.000 |       NA    | Unspecified | NA         |
| DACAVTT         |       2.500 |     0.030 |       0.025 |      0.005 |       NA    | Unspecified | NA         |
| ADCAVCC         |       0.925 |     0.124 |       0.111 |      0.013 |       NA    | Unspecified | NA         |
| ADCAVCCAUX      |       1.800 |     0.201 |       0.153 |      0.049 |       NA    | Unspecified | NA         |
| VCCSDFEC        |       0.850 |     1.999 |       1.966 |      0.033 |       NA    | Unspecified | NA         |
| MGTYAVcc        |       0.900 |     0.000 |       0.000 |      0.000 |       NA    | Unspecified | NA         |
| MGTYAVtt        |       1.200 |     0.000 |       0.000 |      0.000 |       NA    | Unspecified | NA         |
| MGTYVccaux      |       1.800 |     0.000 |       0.000 |      0.000 |       NA    | Unspecified | NA         |
+-----------------+-------------+-----------+-------------+------------+-------------+-------------+------------+


1.3 Confidence Level
--------------------

+-----------------------------+------------+-------------------------------------------------------+------------------------------------------------------------------------------------------------------------+
| User Input Data             | Confidence | Details                                               | Action                                                                                                     |
+-----------------------------+------------+-------------------------------------------------------+------------------------------------------------------------------------------------------------------------+
| Design implementation state | High       | Design is routed                                      |                                                                                                            |
| Clock nodes activity        | High       | User specified more than 95% of clocks                |                                                                                                            |
| I/O nodes activity          | Medium     | More than 5% of inputs are missing user specification | Provide missing input activity with simulation results or by editing the "By Resource Type -> I/Os" view   |
| Internal nodes activity     | Medium     | User specified less than 25% of internal nodes        | Provide missing internal nodes activity with simulation results or by editing the "By Resource Type" views |
| Device models               | High       | Device models are Production                          |                                                                                                            |
|                             |            |                                                       |                                                                                                            |
| Overall confidence level    | Medium     |                                                       |                                                                                                            |
+-----------------------------+------------+-------------------------------------------------------+------------------------------------------------------------------------------------------------------------+


2. Settings
-----------

2.1 Environment
---------------

+-----------------------+--------------------------+
| Ambient Temp (C)      | 25.0                     |
| ThetaJA (C/W)         | 0.8                      |
| Airflow (LFM)         | 250                      |
| Heat Sink             | medium (Medium Profile)  |
| ThetaSA (C/W)         | 1.2                      |
| Board Selection       | medium (10"x10")         |
| # of Board Layers     | 12to15 (12 to 15 Layers) |
| Board Temperature (C) | 25.0                     |
+-----------------------+--------------------------+


2.2 Clock Constraints
---------------------

+------------------------------+------------------------------------------------------------------------------------------------------------+-----------------+
| Clock                        | Domain                                                                                                     | Constraint (ns) |
+------------------------------+------------------------------------------------------------------------------------------------------------+-----------------+
| RFADC0_CLK                   | project_1_i/usp_rf_data_converter_0_i/inst/project_1_usp_rf_data_converter_0_i_0_rf_wrapper_i/adc0_clk_n_0 |             8.0 |
| RFDAC0_CLK                   | project_1_i/usp_rf_data_converter_0_i/inst/project_1_usp_rf_data_converter_0_i_0_rf_wrapper_i/dac0_clk_n_0 |             2.5 |
| clk_out1_project_1_clk_wiz_0 | project_1_i/clk_wiz/inst/clk_out1_project_1_clk_wiz_0                                                      |             1.5 |
| clk_out2_project_1_clk_wiz_0 | project_1_i/clk_wiz/inst/clk_out2_project_1_clk_wiz_0                                                      |             3.3 |
| clk_out3_project_1_clk_wiz_0 | project_1_i/clk_wiz/inst/clk_out3_project_1_clk_wiz_0                                                      |            10.0 |
| clk_pl_0                     | project_1_i/PS_0/inst/pl_clk_unbuffered[0]                                                                 |            10.0 |
| sys_diff_clock_clk_p         | sys_diff_clock_clk_p                                                                                       |            10.0 |
+------------------------------+------------------------------------------------------------------------------------------------------------+-----------------+


3. Detailed Reports
-------------------

3.1 By Hierarchy
----------------

+-------------------------------+-----------+
| Name                          | Power (W) |
+-------------------------------+-----------+
| project_1_wrapper             |     5.896 |
|   project_1_i                 |     5.871 |
|     PS_0                      |     2.321 |
|       inst                    |     2.321 |
|     PS_0_axi_periph           |     0.036 |
|       m00_couplers            |     0.002 |
|       m01_couplers            |     0.001 |
|       m02_couplers            |     0.001 |
|       m03_couplers            |     0.001 |
|       m04_couplers            |     0.001 |
|       m05_couplers            |     0.002 |
|       m07_couplers            |     0.001 |
|       m08_couplers            |     0.001 |
|       s00_couplers            |     0.022 |
|       xbar                    |     0.002 |
|     adc_sink_i                |     0.003 |
|       inst                    |     0.003 |
|     axi_interconnect_0        |     0.011 |
|       s00_couplers            |     0.010 |
|       xbar                    |     0.001 |
|     chan_ctrl_fifo            |     0.003 |
|       inst                    |     0.003 |
|     chan_ctrl_reg             |     0.002 |
|       inst                    |     0.002 |
|     clk_wiz                   |     0.116 |
|       inst                    |     0.116 |
|     dac_source_i              |     0.047 |
|       inst                    |     0.047 |
|     data_source               |     0.041 |
|       inst                    |     0.041 |
|     dec_add_keep              |     0.012 |
|       inst                    |     0.012 |
|     dec_ctrl_fifo             |     0.003 |
|       inst                    |     0.003 |
|     dec_ip_mon                |     0.003 |
|       inst                    |     0.003 |
|     dec_op_mon                |     0.003 |
|       inst                    |     0.003 |
|     demod                     |     0.184 |
|       inst                    |     0.184 |
|     enc_add_keep              |     0.012 |
|       inst                    |     0.012 |
|     enc_data_fifo             |     0.176 |
|       inst                    |     0.176 |
|     enc_ip_mon                |     0.003 |
|       inst                    |     0.003 |
|     enc_op_mon                |     0.003 |
|       inst                    |     0.003 |
|     hard_chan_data_fifo       |     0.135 |
|       inst                    |     0.135 |
|     hard_data_reg             |     0.010 |
|       inst                    |     0.010 |
|     llr_reshape               |     0.041 |
|       inst                    |     0.041 |
|     mod_and_chan              |     0.151 |
|       inst                    |     0.151 |
|     rtc                       |     0.002 |
|       U0                      |     0.002 |
|     sd_fec_dec                |     1.076 |
|       inst                    |     1.076 |
|     sd_fec_enc                |     0.637 |
|       inst                    |     0.637 |
|     src_data_fifo             |     0.107 |
|       inst                    |     0.107 |
|     stats                     |     0.044 |
|       inst                    |     0.044 |
|     usp_rf_data_converter_0_i |     0.685 |
|       inst                    |     0.685 |
+-------------------------------+-----------+


